// Jest Snapshot v1, https://goo.gl/fbAQLP

exports[`Hook Loader 1`] = `null`;
